<html>
<!-- this file has no title, no social graphs -->

</html>